#-----------------------------------------------------------
# Vivado v2023.1.1 (64-bit)
# SW Build 3900603 on Fri Jun 16 19:31:24 MDT 2023
# IP Build 3900379 on Sat Jun 17 05:28:05 MDT 2023
# SharedData Build 3899622 on Fri Jun 16 03:34:24 MDT 2023
# Start of session at: Fri Dec  8 15:18:45 2023
# Process ID: 14600
# Current directory: C:/Users/calwebb/Desktop/Project-main/Project/Vivado/Project
# Command line: vivado.exe -gui_launcher_event rodinguilauncherevent15264 C:\Users\calwebb\Desktop\Project-main\Project\Vivado\Project\Project.xpr
# Log file: C:/Users/calwebb/Desktop/Project-main/Project/Vivado/Project/vivado.log
# Journal file: C:/Users/calwebb/Desktop/Project-main/Project/Vivado/Project\vivado.jou
# Running On: CEAT-ENDV350-05, OS: Windows, CPU Frequency: 2496 MHz, CPU Physical cores: 8, Host memory: 68431 MB
#-----------------------------------------------------------
start_gui
open_project C:/Users/calwebb/Desktop/Project-main/Project/Vivado/Project/Project.xpr
update_compile_order -fileset sources_1
reset_run synth_1
launch_runs impl_1 -to_step write_bitstream -jobs 16
wait_on_run impl_1
open_run impl_1
open_hw_manager
connect_hw_server -allow_non_jtag
open_hw_target
set_property PROGRAM.FILE {C:/Users/calwebb/Desktop/Project-main/Project/Vivado/Project/Project.runs/impl_1/top_demo.bit} [get_hw_devices xc7z020_1]
current_hw_device [get_hw_devices xc7z020_1]
refresh_hw_device -update_hw_probes false [lindex [get_hw_devices xc7z020_1] 0]
set_property PROBES.FILE {} [get_hw_devices xc7z020_1]
set_property FULL_PROBES.FILE {} [get_hw_devices xc7z020_1]
set_property PROGRAM.FILE {C:/Users/calwebb/Desktop/Project-main/Project/Vivado/Project/Project.runs/impl_1/top_demo.bit} [get_hw_devices xc7z020_1]
program_hw_devices [get_hw_devices xc7z020_1]
refresh_hw_device [lindex [get_hw_devices xc7z020_1] 0]
startgroup
create_report_config -report_name synth_1_synth_report_timing_0 -step synth_design -report_type report_timing -run synth_1
set_property DISPLAY_NAME {Timing - Synth Design} [get_report_configs -of_objects [get_runs synth_1] synth_1_synth_report_timing_0] 
startgroup
create_report_config -report_name synth_1_synth_report_utilization_1 -step synth_design -report_type report_utilization -run synth_1
set_property DISPLAY_NAME {Utilization 1 - Synth Design} [get_report_configs -of_objects [get_runs synth_1] synth_1_synth_report_utilization_1] 
startgroup
create_report_config -report_name synth_1_synth_report_utilization_2 -step synth_design -report_type report_utilization -run synth_1
set_property DISPLAY_NAME {Utilization 2 - Synth Design} [get_report_configs -of_objects [get_runs synth_1] synth_1_synth_report_utilization_2] 
startgroup
create_report_config -report_name impl_1_route_report_utilization_0 -step route_design -report_type report_utilization -run impl_1
set_property DISPLAY_NAME {Utilization - Route Design} [get_report_configs -of_objects [get_runs impl_1] impl_1_route_report_utilization_0] 
startgroup
create_report_config -report_name impl_1_route_report_timing_0 -step route_design -report_type report_timing -run impl_1
set_property DISPLAY_NAME {Timing - Route Design} [get_report_configs -of_objects [get_runs impl_1] impl_1_route_report_timing_0] 
startgroup
create_report_config -report_name impl_1_route_report_power_1 -step route_design -report_type report_power -run impl_1
set_property DISPLAY_NAME {Power 1 - Route Design} [get_report_configs -of_objects [get_runs impl_1] impl_1_route_report_power_1] 
reset_run impl_1
launch_runs impl_1 -jobs 16
wait_on_run impl_1
refresh_design
reset_run synth_1
launch_runs impl_1 -to_step write_bitstream -jobs 16
wait_on_run impl_1
refresh_design
set_property PROBES.FILE {} [get_hw_devices xc7z020_1]
set_property FULL_PROBES.FILE {} [get_hw_devices xc7z020_1]
set_property PROGRAM.FILE {C:/Users/calwebb/Desktop/Project-main/Project/Vivado/Project/Project.runs/impl_1/top_demo.bit} [get_hw_devices xc7z020_1]
program_hw_devices [get_hw_devices xc7z020_1]
refresh_hw_device [lindex [get_hw_devices xc7z020_1] 0]
reset_run synth_1
launch_runs impl_1 -to_step write_bitstream -jobs 16
wait_on_run impl_1
set_property PROBES.FILE {} [get_hw_devices xc7z020_1]
set_property FULL_PROBES.FILE {} [get_hw_devices xc7z020_1]
set_property PROGRAM.FILE {C:/Users/calwebb/Desktop/Project-main/Project/Vivado/Project/Project.runs/impl_1/top_demo.bit} [get_hw_devices xc7z020_1]
program_hw_devices [get_hw_devices xc7z020_1]
refresh_hw_device [lindex [get_hw_devices xc7z020_1] 0]
reset_run synth_1
launch_runs impl_1 -to_step write_bitstream -jobs 16
wait_on_run impl_1
